// Jest Snapshot v1, https://goo.gl/fbAQLP

exports[`<WiFi/> Snapshot 1`] = `
<DocumentFragment>
  <h1>
    Wi-Fi
  </h1>
  <p>
    If you want to use your router as a Wi-Fi access point, enable Wi-Fi here and fill in an SSID (the name of the access point) and a corresponding password. You can then set up your mobile devices using the QR code available within the form.
  </p>
  <div
    class="card p-4 col-sm-12 col-lg-12 p-0 mb-4"
  >
    <form>
      <div
        class="form-check form-switch mb-3 d-flex align-items-center"
      >
        <input
          class="form-check-input me-2"
          id="1"
          role="switch"
          type="checkbox"
        />
        <label
          class="form-check-label"
          for="1"
        >
          <h2
            class="mb-0"
          >
            Wi-Fi 1
          </h2>
        </label>
      </div>
      <hr />
      <div
        class="form-check form-switch mb-3 d-flex align-items-center"
      >
        <input
          class="form-check-input me-2"
          id="2"
          role="switch"
          type="checkbox"
        />
        <label
          class="form-check-label"
          for="2"
        >
          <h2
            class="mb-0"
          >
            Wi-Fi 2
          </h2>
        </label>
      </div>
      <div
        class="text-end"
      >
        <button
          class="btn btn-primary col-12 col-md-3 col-lg-2 d-inline-flex justify-content-center align-items-center"
          type="submit"
        >
          <span>
            Save
          </span>
        </button>
      </div>
    </form>
  </div>
  <div
    class="card p-4 col-sm-12 col-lg-12 p-0 mb-4"
  >
    <h2>
      Reset Wi-Fi Settings
    </h2>
    <p>
      If a number of wireless cards doesn't match, you may try to reset the Wi-Fi settings. Note that this will remove the current Wi-Fi configuration and restore the default values.
    </p>
    <div
      class="text-end"
    >
      <button
        class="btn btn-primary col-12 col-md-3 col-lg-2 d-inline-flex justify-content-center align-items-center"
        type="button"
      >
        <span>
          Reset Wi-Fi Settings
        </span>
      </button>
    </div>
  </div>
</DocumentFragment>
`;

exports[`<WiFi/> Snapshot of Alert with a warning when no modules available. 1`] = `
"Snapshot Diff:
- First value
+ Second value

@@ -4,67 +4,14 @@
    </h1>
    <p>
      If you want to use your router as a Wi-Fi access point, enable Wi-Fi here and fill in an SSID (the name of the access point) and a corresponding password. You can then set up your mobile devices using the QR code available within the form.
    </p>
    <div
-     class=\\"card p-4 col-sm-12 col-lg-12 p-0 mb-4\\"
-   >
-     <form>
-       <div
-         class=\\"form-check form-switch mb-3 d-flex align-items-center\\"
-       >
-         <input
-           class=\\"form-check-input me-2\\"
-           id=\\"1\\"
-           role=\\"switch\\"
-           type=\\"checkbox\\"
-         />
-         <label
-           class=\\"form-check-label\\"
-           for=\\"1\\"
-         >
-           <h2
-             class=\\"mb-0\\"
-           >
-             Wi-Fi 1
-           </h2>
-         </label>
-       </div>
-       <hr />
-       <div
-         class=\\"form-check form-switch mb-3 d-flex align-items-center\\"
-       >
-         <input
-           class=\\"form-check-input me-2\\"
-           id=\\"2\\"
-           role=\\"switch\\"
-           type=\\"checkbox\\"
-         />
-         <label
-           class=\\"form-check-label\\"
-           for=\\"2\\"
-         >
-           <h2
-             class=\\"mb-0\\"
-           >
-             Wi-Fi 2
-           </h2>
-         </label>
-       </div>
-       <div
-         class=\\"text-end\\"
+     class=\\"alert alert-warning\\"
+     role=\\"alert\\"
    >
-         <button
-           class=\\"btn btn-primary col-12 col-md-3 col-lg-2 d-inline-flex justify-content-center align-items-center\\"
-           type=\\"submit\\"
-         >
-           <span>
-             Save
-           </span>
-         </button>
-       </div>
-     </form>
+     Unfortunately, we were unable to detect any wireless cards in your router.
    </div>
    <div
      class=\\"card p-4 col-sm-12 col-lg-12 p-0 mb-4\\"
    >
      <h2>"
`;
