// Jest Snapshot v1, https://goo.gl/fbAQLP

exports[`Hostname Snapshot 1`] = `
<div>
  <h1>
    Hostname
  </h1>
  <p>
    Here you can check and set the name of your device.
  </p>
  <div
    class="card p-4 col-sm-12 col-lg-12 p-0 mb-4"
  >
    <form>
      <h2>
        Hostname Settings
      </h2>
      <div
        class="mb-3"
      >
        <label
          class="form-label"
          for="1"
        >
          Device hostname
        </label>
        <div
          class="input-group"
        >
          <input
            class="form-control"
            id="1"
            type="text"
            value="turris"
          />
        </div>
        <div
          class="form-text"
        >
          <small>
            Rewrite the hostname to set a new one.
          </small>
        </div>
      </div>
      <div
        class="text-end"
      >
        <button
          class="btn btn-primary col-12 col-md-3 col-lg-2 d-inline-flex justify-content-center align-items-center"
          type="submit"
        >
          <span>
            Save
          </span>
        </button>
      </div>
    </form>
  </div>
</div>
`;
