// Jest Snapshot v1, https://goo.gl/fbAQLP

exports[`<Packages/> Should render: updates disabled. 1`] = `
"Snapshot Diff:
- First value
+ Second value

@@ -7,10 +7,27 @@
    </p>
    <div
      class=\\"card p-4 col-sm-12 col-lg-12 p-0 mb-4\\"
    >
      <form>
+       <div
+         class=\\"alert alert-warning\\"
+         role=\\"alert\\"
+       >
+         <span>
+           Please enable 
+           <a
+             href=\\"/reforis/package-management/update-settings\\"
+           >
+             automatic updates
+           </a>
+            to manage packages and languages.
+         </span>
+       </div>
+       <div
+         class=\\"text-muted\\"
+       >
          <h2>
            Package Lists
          </h2>
          <div
            class=\\"container-fluid\\"
@@ -25,10 +42,11 @@
                  class=\\"mb-3\\"
                >
                  <input
                    checked=\\"\\"
                    class=\\"form-check-input me-2\\"
+                   disabled=\\"\\"
                    id=\\"1\\"
                    type=\\"checkbox\\"
                  />
                  <label
                    class=\\"form-check-label\\"
@@ -51,10 +69,11 @@
                <div
                  class=\\"mb-3\\"
                >
                  <input
                    class=\\"form-check-input me-2\\"
+                   disabled=\\"\\"
                    id=\\"2\\"
                    type=\\"checkbox\\"
                  />
                  <label
                    class=\\"form-check-label\\"
@@ -77,10 +96,11 @@
                <div
                  class=\\"mb-3\\"
                >
                  <input
                    class=\\"form-check-input me-2\\"
+                   disabled=\\"\\"
                    id=\\"3\\"
                    type=\\"checkbox\\"
                  />
                  <label
                    class=\\"form-check-label\\"
@@ -103,10 +123,11 @@
                <div
                  class=\\"mb-3\\"
                >
                  <input
                    class=\\"form-check-input me-2\\"
+                   disabled=\\"\\"
                    id=\\"4\\"
                    type=\\"checkbox\\"
                  />
                  <label
                    class=\\"form-check-label\\"
@@ -129,10 +150,11 @@
                <div
                  class=\\"mb-3\\"
                >
                  <input
                    class=\\"form-check-input me-2\\"
+                   disabled=\\"\\"
                    id=\\"5\\"
                    type=\\"checkbox\\"
                  />
                  <label
                    class=\\"form-check-label\\"
@@ -155,10 +177,11 @@
                <div
                  class=\\"mb-3\\"
                >
                  <input
                    class=\\"form-check-input me-2\\"
+                   disabled=\\"\\"
                    id=\\"6\\"
                    type=\\"checkbox\\"
                  />
                  <label
                    class=\\"form-check-label\\"
@@ -181,30 +204,31 @@
                <div
                  class=\\"mb-3\\"
                >
                  <input
                    class=\\"form-check-input me-2\\"
+                   disabled=\\"\\"
                    id=\\"7\\"
                    type=\\"checkbox\\"
                  />
                  <label
                    class=\\"form-check-label\\"
                    for=\\"7\\"
                  >
                    LXC utilities
                    <span
-                   class=\\"badge text-bg-primary\\"
+                     class=\\"badge text-bg-primary badge-disabled\\"
                    >
                      External storage
                    </span>
                    <span
-                   class=\\"badge text-bg-info\\"
+                     class=\\"badge text-bg-info badge-disabled\\"
                    >
                      High memory usage
                    </span>
                    <span
-                   class=\\"badge text-bg-secondary\\"
+                     class=\\"badge text-bg-secondary badge-disabled\\"
                    >
                      Advanced users
                    </span>
                    <div
                      class=\\"form-text\\"
@@ -222,10 +246,11 @@
                <div
                  class=\\"mb-3\\"
                >
                  <input
                    class=\\"form-check-input me-2\\"
+                   disabled=\\"\\"
                    id=\\"8\\"
                    type=\\"checkbox\\"
                  />
                  <label
                    class=\\"form-check-label\\"
@@ -374,10 +399,11 @@
                <div
                  class=\\"mb-3\\"
                >
                  <input
                    class=\\"form-check-input me-2\\"
+                   disabled=\\"\\"
                    id=\\"14\\"
                    type=\\"checkbox\\"
                  />
                  <label
                    class=\\"form-check-label\\"
@@ -400,10 +426,11 @@
                <div
                  class=\\"mb-3\\"
                >
                  <input
                    class=\\"form-check-input me-2\\"
+                   disabled=\\"\\"
                    id=\\"15\\"
                    type=\\"checkbox\\"
                  />
                  <label
                    class=\\"form-check-label\\"
@@ -426,10 +453,11 @@
                <div
                  class=\\"mb-3\\"
                >
                  <input
                    class=\\"form-check-input me-2\\"
+                   disabled=\\"\\"
                    id=\\"16\\"
                    type=\\"checkbox\\"
                  />
                  <label
                    class=\\"form-check-label\\"
@@ -452,10 +480,11 @@
                <div
                  class=\\"mb-3\\"
                >
                  <input
                    class=\\"form-check-input me-2\\"
+                   disabled=\\"\\"
                    id=\\"17\\"
                    type=\\"checkbox\\"
                  />
                  <label
                    class=\\"form-check-label\\"
@@ -478,10 +507,11 @@
                <div
                  class=\\"mb-3\\"
                >
                  <input
                    class=\\"form-check-input me-2\\"
+                   disabled=\\"\\"
                    id=\\"18\\"
                    type=\\"checkbox\\"
                  />
                  <label
                    class=\\"form-check-label\\"
@@ -498,15 +528,17 @@
                  </label>
                </div>
              </div>
            </div>
          </div>
+       </div>
        <div
          class=\\"text-end\\"
        >
          <button
            class=\\"btn btn-primary col-12 col-md-3 col-lg-2 d-inline-flex justify-content-center align-items-center\\"
+           disabled=\\"\\"
            type=\\"submit\\"
          >
            <span>
              Save
            </span>"
`;

exports[`<Packages/> Should render: updates enabled. 1`] = `
<DocumentFragment>
  <h1>
    Packages
  </h1>
  <p>
    Apart from the standard installation, you can optionally select bundles of additional software that would be installed on the router. This software can be selected from the following lists. Please note that only software that is part of Turris OS or that has been installed from package lists and not marked as community-supported is supported by the Turris team.
  </p>
  <div
    class="card p-4 col-sm-12 col-lg-12 p-0 mb-4"
  >
    <form>
      <h2>
        Package Lists
      </h2>
      <div
        class="container-fluid"
      >
        <div
          class="packages-list"
        >
          <div
            class="package"
          >
            <div
              class="mb-3"
            >
              <input
                checked=""
                class="form-check-input me-2"
                id="1"
                type="checkbox"
              />
              <label
                class="form-check-label"
                for="1"
              >
                Enabled package title
                <div
                  class="form-text"
                >
                  <small>
                    Enabled package description
                  </small>
                </div>
              </label>
            </div>
          </div>
          <div
            class="package"
          >
            <div
              class="mb-3"
            >
              <input
                class="form-check-input me-2"
                id="2"
                type="checkbox"
              />
              <label
                class="form-check-label"
                for="2"
              >
                Extensions of network protocols for 3G/LTE
                <div
                  class="form-text"
                >
                  <small>
                    Support for additional protocols and connection types.
                  </small>
                </div>
              </label>
            </div>
          </div>
          <div
            class="package"
          >
            <div
              class="mb-3"
            >
              <input
                class="form-check-input me-2"
                id="3"
                type="checkbox"
              />
              <label
                class="form-check-label"
                for="3"
              >
                Device detection
                <div
                  class="form-text"
                >
                  <small>
                    Software for detecting new devices on local network (EXPERIMENTAL).
                  </small>
                </div>
              </label>
            </div>
          </div>
          <div
            class="package"
          >
            <div
              class="mb-3"
            >
              <input
                class="form-check-input me-2"
                id="4"
                type="checkbox"
              />
              <label
                class="form-check-label"
                for="4"
              >
                DVB tuner
                <div
                  class="form-text"
                >
                  <small>
                    Software for sharing television received by a DVB tuner on Turris. Does not include device drivers.
                  </small>
                </div>
              </label>
            </div>
          </div>
          <div
            class="package"
          >
            <div
              class="mb-3"
            >
              <input
                class="form-check-input me-2"
                id="5"
                type="checkbox"
              />
              <label
                class="form-check-label"
                for="5"
              >
                SSH Honeypot
                <div
                  class="form-text"
                >
                  <small>
                    Trap for password-guessing robots on SSH.
                  </small>
                </div>
              </label>
            </div>
          </div>
          <div
            class="package"
          >
            <div
              class="mb-3"
            >
              <input
                class="form-check-input me-2"
                id="6"
                type="checkbox"
              />
              <label
                class="form-check-label"
                for="6"
              >
                LuCI extensions
                <div
                  class="form-text"
                >
                  <small>
                    Several addional tabs and controls for the advanced LuCI interface.
                  </small>
                </div>
              </label>
            </div>
          </div>
          <div
            class="package"
          >
            <div
              class="mb-3"
            >
              <input
                class="form-check-input me-2"
                id="7"
                type="checkbox"
              />
              <label
                class="form-check-label"
                for="7"
              >
                LXC utilities
                <span
                  class="badge text-bg-primary"
                >
                  External storage
                </span>
                <span
                  class="badge text-bg-info"
                >
                  High memory usage
                </span>
                <span
                  class="badge text-bg-secondary"
                >
                  Advanced users
                </span>
                <div
                  class="form-text"
                >
                  <small>
                    Set of utilities to manage Linux Containers (lightweight virtualization technology).
                  </small>
                </div>
              </label>
            </div>
          </div>
          <div
            class="package"
          >
            <div
              class="mb-3"
            >
              <input
                class="form-check-input me-2"
                id="8"
                type="checkbox"
              />
              <label
                class="form-check-label"
                for="8"
              >
                NAS
                <div
                  class="form-text"
                >
                  <small>
                    Services allowing to connect a disk to the router and use it as network data store.
                  </small>
                </div>
              </label>
            </div>
            <div
              class="option"
            >
              <div
                class="mb-3"
              >
                <input
                  checked=""
                  class="form-check-input me-2"
                  disabled=""
                  id="9"
                  type="checkbox"
                />
                <label
                  class="form-check-label"
                  for="9"
                >
                  Samba
                  <div
                    class="form-text"
                  >
                    <small>
                      Implementation of SMB network protocol.
                    </small>
                  </div>
                </label>
              </div>
              <div
                class="mb-3"
              >
                <input
                  class="form-check-input me-2"
                  disabled=""
                  id="10"
                  type="checkbox"
                />
                <label
                  class="form-check-label"
                  for="10"
                >
                  DLNA
                  <div
                    class="form-text"
                  >
                    <small>
                      Digital media sharing server.
                    </small>
                  </div>
                </label>
              </div>
              <div
                class="mb-3"
              >
                <input
                  checked=""
                  class="form-check-input me-2"
                  disabled=""
                  id="11"
                  type="checkbox"
                />
                <label
                  class="form-check-label"
                  for="11"
                >
                  Transmission
                  <div
                    class="form-text"
                  >
                    <small>
                      BitTorrent client.
                    </small>
                  </div>
                </label>
              </div>
              <div
                class="mb-3"
              >
                <input
                  class="form-check-input me-2"
                  disabled=""
                  id="12"
                  type="checkbox"
                />
                <label
                  class="form-check-label"
                  for="12"
                >
                  mdadm RAID
                  <span
                    class="badge text-bg-secondary badge-disabled"
                  >
                    Advanced users
                  </span>
                  <div
                    class="form-text"
                  >
                    <small>
                      Software RAID storage support using mdadm.
                    </small>
                  </div>
                </label>
              </div>
              <div
                class="mb-3"
              >
                <input
                  class="form-check-input me-2"
                  disabled=""
                  id="13"
                  type="checkbox"
                />
                <label
                  class="form-check-label"
                  for="13"
                >
                  Encrypted Storage
                  <div
                    class="form-text"
                  >
                    <small>
                      Add support to access encrypted storage devices using dm-crypt.
                    </small>
                  </div>
                </label>
              </div>
            </div>
          </div>
          <div
            class="package"
          >
            <div
              class="mb-3"
            >
              <input
                class="form-check-input me-2"
                id="14"
                type="checkbox"
              />
              <label
                class="form-check-label"
                for="14"
              >
                Internet connection speed measurement
                <div
                  class="form-text"
                >
                  <small>
                    Actively measures speed of Internet connection using netmetr.cz service.
                  </small>
                </div>
              </label>
            </div>
          </div>
          <div
            class="package"
          >
            <div
              class="mb-3"
            >
              <input
                class="form-check-input me-2"
                id="15"
                type="checkbox"
              />
              <label
                class="form-check-label"
                for="15"
              >
                OpenVPN
                <div
                  class="form-text"
                >
                  <small>
                    An easy setup of OpenVPN server from reForis.
                  </small>
                </div>
              </label>
            </div>
          </div>
          <div
            class="package"
          >
            <div
              class="mb-3"
            >
              <input
                class="form-check-input me-2"
                id="16"
                type="checkbox"
              />
              <label
                class="form-check-label"
                for="16"
              >
                Pakon
                <div
                  class="form-text"
                >
                  <small>
                    Software for in depth monitoring of your traffic.
                  </small>
                </div>
              </label>
            </div>
          </div>
          <div
            class="package"
          >
            <div
              class="mb-3"
            >
              <input
                class="form-check-input me-2"
                id="17"
                type="checkbox"
              />
              <label
                class="form-check-label"
                for="17"
              >
                Print server
                <div
                  class="form-text"
                >
                  <small>
                    Services allowing to connect a printer to the router and use it for remote printing.
                  </small>
                </div>
              </label>
            </div>
          </div>
          <div
            class="package"
          >
            <div
              class="mb-3"
            >
              <input
                class="form-check-input me-2"
                id="18"
                type="checkbox"
              />
              <label
                class="form-check-label"
                for="18"
              >
                Tor
                <div
                  class="form-text"
                >
                  <small>
                    Service to increase anonymity on the Internet.
                  </small>
                </div>
              </label>
            </div>
          </div>
        </div>
      </div>
      <div
        class="text-end"
      >
        <button
          class="btn btn-primary col-12 col-md-3 col-lg-2 d-inline-flex justify-content-center align-items-center"
          type="submit"
        >
          <span>
            Save
          </span>
        </button>
      </div>
    </form>
  </div>
</DocumentFragment>
`;
