// Jest Snapshot v1, https://goo.gl/fbAQLP

exports[`Overview Snapshot of the whole page 1`] = `
<div>
  <h1>
    Overview
  </h1>
  <div
    class="row row-cols-1 row-cols-lg-3"
  >
    <div
      class="col mb-4"
    >
      <div
        class="card h-100"
      >
        <div
          class="card-body d-flex justify-content-between align-items-center"
        >
          <div
            class="d-flex flex-column"
          >
            <a
              class="align-self-start text-secondary text-decoration-none mb-2"
              href="/package-management/update-settings"
              title="Go to update settings"
            >
              <h6
                class="text-uppercase text-muted mb-0"
              >
                Automatic Updates
                <i
                  class="fa"
                />
              </h6>
            </a>
            <span
              class="h3 status mb-0"
            >
              Activated
            </span>
          </div>
          <i
            class="fa"
          />
        </div>
      </div>
    </div>
    <div
      class="col mb-4"
    >
      <div
        class="card h-100"
      >
        <div
          class="card-body d-flex justify-content-between align-items-center"
        >
          <div
            class="d-flex flex-column"
          >
            <a
              class="align-self-start text-secondary text-decoration-none mb-2"
              href="/package-management/packages"
              title="Go to Sentinel package installation"
            >
              <h6
                class="text-uppercase text-muted mb-0"
              >
                Threat Detection
                <i
                  class="fa"
                />
              </h6>
            </a>
            <span
              class="h3 status mb-0"
            >
              Activated
            </span>
          </div>
          <i
            class="fa"
          />
        </div>
      </div>
    </div>
    <div
      class="col mb-4"
    >
      <div
        class="card h-100"
      >
        <div
          class="card-body d-flex justify-content-between align-items-center"
        >
          <div
            class="d-flex flex-column"
          >
            <a
              class="align-self-start text-secondary text-decoration-none mb-2"
              href="/package-management/packages"
              title="Go to Dynamic Firewall package installation"
            >
              <h6
                class="text-uppercase text-muted mb-0"
              >
                Dynamic Firewall
                <i
                  class="fa"
                />
              </h6>
            </a>
            <span
              class="h3 status mb-0"
            >
              Activated
            </span>
          </div>
          <i
            class="fa"
          />
        </div>
      </div>
    </div>
  </div>
  <div
    class="row row-cols-1 row-cols-lg-3"
  >
    <div
      class="col mb-4"
    >
      <div
        class="card h-100"
      >
        <div
          class="card-body d-flex flex-column"
        >
          <div
            class="d-flex flex-column"
          >
            <a
              class="align-self-start text-secondary text-decoration-none mb-2"
              href="/librespeed/speed-test"
              title="Go to LibreSpeed"
            >
              <h6
                class="text-uppercase text-muted mb-0"
              >
                LibreSpeed
                <i
                  class="fa"
                />
              </h6>
            </a>
          </div>
          <div
            class="table-responsive"
          >
            <table
              class="table table-borderless table-hover col-12"
            >
              <tbody>
                <tr>
                  <th
                    class="text-nowrap"
                    scope="row"
                  >
                    Download
                    <span
                      class="badge text-bg-secondary"
                      title="Megabit per second"
                    >
                      Mb/s
                    </span>
                  </th>
                  <td
                    class="text-end"
                  >
                    930
                  </td>
                </tr>
                <tr>
                  <th
                    class="text-nowrap"
                    scope="row"
                  >
                    Upload
                    <span
                      class="badge text-bg-secondary"
                      title="Megabit per second"
                    >
                      Mb/s
                    </span>
                  </th>
                  <td
                    class="text-end"
                  >
                    <span>
                      930
                    </span>
                  </td>
                </tr>
                <tr>
                  <th
                    class="text-nowrap"
                    scope="row"
                  >
                    Ping
                    <span
                      class="badge text-bg-secondary"
                      title="Millisecond"
                    >
                      ms
                    </span>
                  </th>
                  <td
                    class="text-end"
                  >
                    <span>
                      N/A
                    </span>
                  </td>
                </tr>
                <tr>
                  <th
                    class="text-nowrap"
                    scope="row"
                  >
                    Jitter
                    <span
                      class="badge text-bg-secondary"
                      title="Millisecond"
                    >
                      ms
                    </span>
                  </th>
                  <td
                    class="text-end"
                  >
                    <span>
                      N/A
                    </span>
                  </td>
                </tr>
                <tr
                  class="text-nowrap"
                >
                  <th
                    scope="row"
                  >
                    Server
                  </th>
                  <td
                    class="text-end"
                  >
                    <span>
                      N/A
                    </span>
                  </td>
                </tr>
              </tbody>
            </table>
          </div>
          <p
            class="d-flex card-text flex-grow-1"
          >
            <small
              class="text-muted mt-auto"
            >
              Performed
               
              49 years ago
            </small>
          </p>
        </div>
      </div>
    </div>
    <div
      class="col mb-4"
    >
      <div
        class="card h-100"
      >
        <div
          class="card-body d-flex flex-column"
        >
          <div
            class="d-flex flex-column"
          >
            <h6
              class="text-uppercase text-muted mb-2"
            >
              Connection Test
            </h6>
          </div>
          <table
            class="table table-borderless table-hover col-sm-12"
          >
            <tbody>
              <tr>
                <th
                  scope="row"
                >
                  IPv4 connectivity
                </th>
                <td
                  class="text-end"
                >
                  <span
                    class="text-secondary"
                  >
                    <i
                      class="fa"
                    />
                  </span>
                </td>
              </tr>
              <tr>
                <th
                  scope="row"
                >
                  IPv4 gateway connectivity
                </th>
                <td
                  class="text-end"
                >
                  <span
                    class="text-secondary"
                  >
                    <i
                      class="fa"
                    />
                  </span>
                </td>
              </tr>
              <tr>
                <th
                  scope="row"
                >
                  IPv6 connectivity
                </th>
                <td
                  class="text-end"
                >
                  <span
                    class="text-secondary"
                  >
                    <i
                      class="fa"
                    />
                  </span>
                </td>
              </tr>
              <tr>
                <th
                  scope="row"
                >
                  IPv6 gateway connectivity
                </th>
                <td
                  class="text-end"
                >
                  <span
                    class="text-secondary"
                  >
                    <i
                      class="fa"
                    />
                  </span>
                </td>
              </tr>
              <tr>
                <th
                  scope="row"
                >
                  DNS
                </th>
                <td
                  class="text-end"
                >
                  <span
                    class="text-secondary"
                  >
                    <i
                      class="fa"
                    />
                  </span>
                </td>
              </tr>
              <tr>
                <th
                  scope="row"
                >
                  DNSSEC
                </th>
                <td
                  class="text-end"
                >
                  <span
                    class="text-secondary"
                  >
                    <i
                      class="fa"
                    />
                  </span>
                </td>
              </tr>
            </tbody>
          </table>
          <div
            class="d-grid"
          >
            <button
              class="btn btn-outline-primary w-auto col-12 col-md-3 col-lg-2 d-inline-flex justify-content-center align-items-center"
              type="submit"
            >
              <span>
                Test connection
              </span>
            </button>
          </div>
        </div>
      </div>
    </div>
    <div
      class="col mb-4"
    >
      <div
        class="card h-100"
      >
        <div
          class="card-body d-flex flex-column"
        >
          <div
            class="d-flex flex-column"
          >
            <a
              class="align-self-start text-secondary text-decoration-none mb-2"
              href="/openvpn/client-settings"
              title="Go to OpenVPN Client Settings"
            >
              <h6
                class="text-uppercase text-muted mb-0"
              >
                OpenVPN Clients
                <i
                  class="fa"
                />
              </h6>
            </a>
          </div>
          <div
            class="table-responsive"
          >
            <table
              class="table table-borderless table-hover col-sm-12"
            >
              <tbody>
                <tr>
                  <th
                    scope="row"
                  >
                    <span>
                      turris
                    </span>
                  </th>
                  <td
                    class="text-end"
                  >
                    <span
                      class="text-success"
                    >
                      <i
                        class="fa"
                      />
                    </span>
                  </td>
                </tr>
              </tbody>
            </table>
          </div>
        </div>
      </div>
    </div>
  </div>
  <h2>
    Notifications
    <button
      class="btn btn-outline-danger float-end"
      id="btn-dismiss-all"
      type="button"
    >
      <i
        class="fa"
      />
      Dismiss all
    </button>
  </h2>
  <div
    id="notifications-center"
  >
    <div
      class="card border-info"
    >
      <div
        class="card-header"
      >
        <i
          class="fa"
        />
        <p
          class="text-muted align-middle m-0"
        >
          February 1, 2000 12:00 AM
        </p>
        <button
          aria-label="Close"
          class="btn-close"
          type="button"
        />
      </div>
      <div
        class="card-body"
      >
        <p
          class="card-text"
        >
          Notification message.
        </p>
      </div>
    </div>
    <div
      class="card border-danger"
    >
      <div
        class="card-header"
      >
        <i
          class="fa"
        />
        <p
          class="text-muted align-middle m-0"
        >
          February 1, 2000 12:00 AM
        </p>
        <button
          aria-label="Close"
          class="btn-close"
          type="button"
        />
      </div>
      <div
        class="card-body"
      >
        <p
          class="card-text"
        >
          Second notification message.
        </p>
      </div>
    </div>
    <div
      class="card border-danger"
    >
      <div
        class="card-header"
      >
        <i
          class="fa"
        />
        <p
          class="text-muted align-middle m-0"
        >
          February 1, 2000 12:00 AM
        </p>
        <button
          aria-label="Close"
          class="btn-close invisible"
          type="button"
        />
      </div>
      <div
        class="card-body"
      >
        <p
          class="card-text"
        >
          Third notification message.
        </p>
      </div>
      <button
        class="btn btn-danger d-inline-flex justify-content-center align-items-center"
        type="button"
      >
        <span>
          Reboot
        </span>
      </button>
    </div>
  </div>
</div>
`;
