// Jest Snapshot v1, https://goo.gl/fbAQLP

exports[`<RebootDropdown/> Test with snapshot 1`] = `
<div>
  <div
    class="dropdown"
  >
    <button
      class="nav-item btn btn-link text-body"
      id="reboot-dropdown-toggle"
      type="button"
    >
      <i
        class="fas fa-power-off fa-lg"
      />
    </button>
    <div
      class="dropdown-menu dropdown-menu-start shadow-sm"
    >
      <div
        class="dropdown-header"
      >
        <a
          href="/administration/maintenance"
        >
          <h5>
            Reboot Required
          </h5>
        </a>
      </div>
      <div
        class="dropdown-divider"
      />
      <div
        class="dropdown-item"
      >
        <a
          href="/overview?id=808-909"
        >
          <button
            class="btn btn-primary me-3"
            type="button"
          >
            Details
          </button>
        </a>
        <button
          class="btn btn-danger d-inline-flex justify-content-center align-items-center"
          type="button"
        >
          <span>
            Reboot
          </span>
        </button>
      </div>
    </div>
  </div>
</div>
`;
