// Jest Snapshot v1, https://goo.gl/fbAQLP

exports[`<NotificationsDropdown/> Test with snapshot 1`] = `
<div>
  <div
    class="dropdown"
    id="notifications"
  >
    <button
      aria-expanded="false"
      class="nav-item btn btn-link text-body"
      data-bs-toggle="dropdown"
      id="notifications-btn"
      type="button"
    >
      <div
        class="position-relative"
      >
        <i
          class="fa"
        />
        <span
          class="position-absolute top-0 start-100 translate-middle badge rounded-pill text-bg-danger ms-0"
        >
          4
          <span
            class="visually-hidden"
          >
            unread messages
          </span>
        </span>
      </div>
    </button>
    <ul
      class="dropdown-menu dropdown-menu-end shadow-sm"
    >
      <div
        class="dropdown-header"
        id="notifications-header"
      >
        <a
          class="text-decoration-none"
          href="/overview#notifications"
        >
          <h5
            class="mb-0 text-body"
          >
            Notifications
          </h5>
        </a>
        <a
          class="btn btn-link"
          href="/administration/notifications-settings"
        >
          <i
            class="fa"
          />
        </a>
      </div>
      <div
        class="dropdown-divider dropdown-divider-top"
      />
      <div
        class="scrollable-menu"
        data-simplebar="init"
      >
        <div
          class="simplebar-wrapper"
        >
          <div
            class="simplebar-height-auto-observer-wrapper"
          >
            <div
              class="simplebar-height-auto-observer"
            />
          </div>
          <div
            class="simplebar-mask"
          >
            <div
              class="simplebar-offset"
              style="right: 0px; bottom: 0px;"
            >
              <div
                aria-label="scrollable content"
                class="simplebar-content-wrapper"
                role="region"
                style="height: auto; overflow-x: hidden; overflow-y: hidden;"
                tabindex="0"
              >
                <div
                  class="simplebar-content"
                >
                  <div
                    class="dropdown-item d-flex align-items-center py-2"
                    style="transform: rotate(0);"
                  >
                    <i
                      class="fa"
                    />
                    <a
                      class="d-flex flex-column stretched-link text-decoration-none me-2"
                      href="/overview?id=123-123"
                    >
                      <small
                        class="text-muted"
                      >
                        February 1, 2000 12:00 AM
                      </small>
                      <p
                        class="mb-0 d-inline-block text-truncate"
                        style="max-width: 14rem;"
                      >
                        Notification message.
                      </p>
                    </a>
                    <button
                      class="position-relative w-50 z-1 btn-close "
                      type="button"
                    />
                  </div>
                  <div
                    class="dropdown-divider m-0"
                  />
                  <div
                    class="dropdown-item d-flex align-items-center py-2"
                    style="transform: rotate(0);"
                  >
                    <i
                      class="fa"
                    />
                    <a
                      class="d-flex flex-column stretched-link text-decoration-none me-2"
                      href="/overview?id=123-124"
                    >
                      <small
                        class="text-muted"
                      >
                        February 1, 2000 12:00 AM
                      </small>
                      <p
                        class="mb-0 d-inline-block text-truncate"
                        style="max-width: 14rem;"
                      >
                        Second notification message.
                      </p>
                    </a>
                    <button
                      class="position-relative w-50 z-1 btn-close "
                      type="button"
                    />
                  </div>
                  <div
                    class="dropdown-divider m-0"
                  />
                  <div
                    class="dropdown-item d-flex align-items-center py-2"
                    style="transform: rotate(0);"
                  >
                    <i
                      class="fa"
                    />
                    <a
                      class="d-flex flex-column stretched-link text-decoration-none me-2"
                      href="/overview?id=808-909"
                    >
                      <small
                        class="text-muted"
                      >
                        February 1, 2000 12:00 AM
                      </small>
                      <p
                        class="mb-0 d-inline-block text-truncate"
                        style="max-width: 14rem;"
                      >
                        Third notification message.
                      </p>
                    </a>
                    <button
                      class="position-relative w-50 z-1 btn-close  invisible"
                      type="button"
                    />
                  </div>
                  <div
                    class="dropdown-divider m-0"
                  />
                  <div
                    class="dropdown-item d-flex align-items-center py-2"
                    style="transform: rotate(0);"
                  >
                    <i
                      class="fa"
                    />
                    <a
                      class="d-flex flex-column stretched-link text-decoration-none me-2"
                      href="/overview?id=123-125"
                    >
                      <small
                        class="text-muted"
                      >
                        February 1, 2000 12:00 AM
                      </small>
                      <p
                        class="mb-0 d-inline-block text-truncate"
                        style="max-width: 14rem;"
                      >
                        Displayed notification message.
                      </p>
                    </a>
                    <button
                      class="position-relative w-50 z-1 btn-close "
                      type="button"
                    />
                  </div>
                </div>
              </div>
            </div>
          </div>
          <div
            class="simplebar-placeholder"
            style="width: 0px; height: 0px;"
          />
        </div>
        <div
          class="simplebar-track simplebar-horizontal"
          style="visibility: hidden;"
        >
          <div
            class="simplebar-scrollbar simplebar-visible"
            style="width: 0px; display: none;"
          />
        </div>
        <div
          class="simplebar-track simplebar-vertical"
          style="visibility: hidden;"
        >
          <div
            class="simplebar-scrollbar simplebar-visible"
            style="height: 0px; display: none;"
          />
        </div>
      </div>
      <div
        class="dropdown-divider dropdown-divider-bottom"
      />
      <div
        class="dropdown-footer"
        id="notifications-footer"
      >
        <button
          class="btn btn-link text-decoration-none"
          type="button"
        >
          Dismiss all
        </button>
      </div>
    </ul>
  </div>
</div>
`;
