// Jest Snapshot v1, https://goo.gl/fbAQLP

exports[`<NotificationsCenter/> Test with snapshot. 1`] = `
<h2
  class="d-flex justify-content-between align-items-center"
>
  Notifications
  <button
    class="btn btn-sm btn-outline-danger d-inline-flex justify-content-center align-items-center"
    id="btn-dismiss-all"
    type="button"
  >
    <span>
      <i
        class="fa"
      />
      Dismiss all
    </span>
  </button>
</h2>
`;

exports[`<NotificationsCenter/> Test with spinner. 1`] = `
<div>
  <h2
    class="d-flex justify-content-between align-items-center"
  >
    Notifications
  </h2>
  <div
    id="notifications-center"
  >
    <div
      class="spinner-wrapper my-3 text-center"
    >
      <div
        class="spinner-border"
        role="status"
      >
        <span
          class="sr-only"
        />
      </div>
    </div>
  </div>
</div>
`;
