// Jest Snapshot v1, https://goo.gl/fbAQLP

exports[`<GuideFinish/> and useGuideFinish hook Snapshot. 1`] = `
<div>
  <h1>
    Guide Finished
  </h1>
  <p>
    Once you leave this guide you'll be granted access to the full configuration interface of this device.
  </p>
  <p>
    To further improve your security consider installing data collection plugin (via Package Management). This will allow you to be part of our security research to discover new attackers and give you access to dynamic firewall updates blocking known attackers.
  </p>
  <div
    class="text-end"
  >
    <button
      class="btn btn-primary col-12 col-md-3 col-lg-2 d-inline-flex justify-content-center align-items-center"
      type="button"
    >
      <span>
        Continue
      </span>
    </button>
  </div>
</div>
`;
